D:/InternWork/Code/Test_mygit/Tacapp_init/Tasks/micro_ros_task.c:151:13:micro_ros_zero_entities	160	static
D:/InternWork/Code/Test_mygit/Tacapp_init/Tasks/micro_ros_task.c:381:13:micro_ros_fini_entities	8	static
D:/InternWork/Code/Test_mygit/Tacapp_init/Tasks/micro_ros_task.c:225:13:micro_ros_sync_callback	16	static
D:/InternWork/Code/Test_mygit/Tacapp_init/Tasks/micro_ros_task.c:194:13:micro_ros_fill_stamp.part.0	16	static
D:/InternWork/Code/Test_mygit/Tacapp_init/Tasks/micro_ros_task.c:211:13:micro_ros_led_cmd_callback	0	static
D:/InternWork/Code/Test_mygit/Tacapp_init/Tasks/micro_ros_task.c:496:15:micro_ros_task_resources_init	8	static
D:/InternWork/Code/Test_mygit/Tacapp_init/Tasks/micro_ros_task.c:513:15:micro_ros_task_enqueue_key_event	16	static
D:/InternWork/Code/Test_mygit/Tacapp_init/Tasks/micro_ros_task.c:537:6:micro_ros_task_entry	96	static
