D:/InternWork/Code/Test_mygit/Tacapp_init/BSP/LED/bsp_led_handler.c:73:22:bsp_led_handler_init	8	static
D:/InternWork/Code/Test_mygit/Tacapp_init/BSP/LED/bsp_led_handler.c:88:22:bsp_led_handler_set	8	static
D:/InternWork/Code/Test_mygit/Tacapp_init/BSP/LED/bsp_led_handler.c:102:22:bsp_led_handler_set_all_cameras	16	static
D:/InternWork/Code/Test_mygit/Tacapp_init/BSP/LED/bsp_led_handler.c:119:6:bsp_led_handler_clear	0	static
D:/InternWork/Code/Test_mygit/Tacapp_init/BSP/LED/bsp_led_handler.c:125:22:bsp_led_handler_commit	0	static
