D:/InternWork/Code/Test_mygit/Tacapp_init/BSP/LED/bsp_led_driver.c:95:13:sk6805_write_byte	28	static
D:/InternWork/Code/Test_mygit/Tacapp_init/BSP/LED/bsp_led_driver.c:130:21:bsp_led_driver_set_pixel	8	static
D:/InternWork/Code/Test_mygit/Tacapp_init/BSP/LED/bsp_led_driver.c:145:6:bsp_led_driver_clear	0	static
D:/InternWork/Code/Test_mygit/Tacapp_init/BSP/LED/bsp_led_driver.c:104:21:bsp_led_driver_init	24	static
D:/InternWork/Code/Test_mygit/Tacapp_init/BSP/LED/bsp_led_driver.c:155:21:bsp_led_driver_commit	16	static
