D:/InternWork/Code/Test_mygit/Tacapp_init/BSP/LED/bsp_led_handler.c:72:22:bsp_led_handler_init	8	static
D:/InternWork/Code/Test_mygit/Tacapp_init/BSP/LED/bsp_led_handler.c:87:22:bsp_led_handler_set	8	static
D:/InternWork/Code/Test_mygit/Tacapp_init/BSP/LED/bsp_led_handler.c:100:22:bsp_led_handler_set_all_cameras	16	static
D:/InternWork/Code/Test_mygit/Tacapp_init/BSP/LED/bsp_led_handler.c:117:6:bsp_led_handler_clear	0	static
D:/InternWork/Code/Test_mygit/Tacapp_init/BSP/LED/bsp_led_handler.c:122:22:bsp_led_handler_commit	0	static
