D:/InternWork/Code/Test_mygit/Tacapp_init/BSP/LED/bsp_led_driver.c:33:13:sk6805_encode_byte	16	static
D:/InternWork/Code/Test_mygit/Tacapp_init/BSP/LED/bsp_led_driver.c:69:26:sk6805_stop_transfer	8	static
D:/InternWork/Code/Test_mygit/Tacapp_init/BSP/LED/bsp_led_driver.c:100:21:bsp_led_driver_set_pixel	8	static
D:/InternWork/Code/Test_mygit/Tacapp_init/BSP/LED/bsp_led_driver.c:114:6:bsp_led_driver_clear	0	static
D:/InternWork/Code/Test_mygit/Tacapp_init/BSP/LED/bsp_led_driver.c:80:21:bsp_led_driver_init	8	static
D:/InternWork/Code/Test_mygit/Tacapp_init/BSP/LED/bsp_led_driver.c:123:21:bsp_led_driver_commit	24	static
D:/InternWork/Code/Test_mygit/Tacapp_init/BSP/LED/bsp_led_driver.c:186:6:HAL_TIM_PWM_PulseFinishedCallback	0	static
D:/InternWork/Code/Test_mygit/Tacapp_init/BSP/LED/bsp_led_driver.c:198:6:HAL_TIM_ErrorCallback	0	static
