D:/InternWork/Code/Test_mygit/Tacapp_init/BSP/LED/bsp_led_driver.c:59:13:sk6805_encode_byte	24	static
D:/InternWork/Code/Test_mygit/Tacapp_init/BSP/LED/bsp_led_driver.c:75:13:sk6805_build_dma_frame	16	static
D:/InternWork/Code/Test_mygit/Tacapp_init/BSP/LED/bsp_led_driver.c:95:26:sk6805_stop_transfer	16	static
D:/InternWork/Code/Test_mygit/Tacapp_init/BSP/LED/bsp_led_driver.c:107:21:bsp_led_driver_init	8	static
D:/InternWork/Code/Test_mygit/Tacapp_init/BSP/LED/bsp_led_driver.c:128:21:bsp_led_driver_set_pixel	16	static
D:/InternWork/Code/Test_mygit/Tacapp_init/BSP/LED/bsp_led_driver.c:143:6:bsp_led_driver_clear	16	static
D:/InternWork/Code/Test_mygit/Tacapp_init/BSP/LED/bsp_led_driver.c:153:21:bsp_led_driver_commit	32	static
D:/InternWork/Code/Test_mygit/Tacapp_init/BSP/LED/bsp_led_driver.c:213:6:HAL_TIM_PWM_PulseFinishedCallback	16	static
D:/InternWork/Code/Test_mygit/Tacapp_init/BSP/LED/bsp_led_driver.c:226:6:HAL_TIM_ErrorCallback	16	static
