D:/InternWork/Code/Test_mygit/Tacapp_init/BSP/LED/bsp_led_driver.c:44:17:sk6805_ns_to_cycles	40	static
D:/InternWork/Code/Test_mygit/Tacapp_init/BSP/LED/bsp_led_driver.c:56:17:sk6805_us_to_cycles	40	static
D:/InternWork/Code/Test_mygit/Tacapp_init/BSP/LED/bsp_led_driver.c:68:20:sk6805_wait_cycles	16	static
D:/InternWork/Code/Test_mygit/Tacapp_init/BSP/LED/bsp_led_driver.c:81:20:sk6805_write_bit	24	static
D:/InternWork/Code/Test_mygit/Tacapp_init/BSP/LED/bsp_led_driver.c:95:13:sk6805_write_byte	24	static
D:/InternWork/Code/Test_mygit/Tacapp_init/BSP/LED/bsp_led_driver.c:104:21:bsp_led_driver_init	8	static
D:/InternWork/Code/Test_mygit/Tacapp_init/BSP/LED/bsp_led_driver.c:130:21:bsp_led_driver_set_pixel	16	static
D:/InternWork/Code/Test_mygit/Tacapp_init/BSP/LED/bsp_led_driver.c:145:6:bsp_led_driver_clear	16	static
D:/InternWork/Code/Test_mygit/Tacapp_init/BSP/LED/bsp_led_driver.c:155:21:bsp_led_driver_commit	32	static
