D:/InternWork/Code/Test_mygit/Tacapp_init/BSP/LED/bsp_led_handler.c:26:29:led_handler_convert_driver_status	24	static
D:/InternWork/Code/Test_mygit/Tacapp_init/BSP/LED/bsp_led_handler.c:70:22:bsp_led_handler_init	16	static
D:/InternWork/Code/Test_mygit/Tacapp_init/BSP/LED/bsp_led_handler.c:83:22:bsp_led_handler_set	24	static
D:/InternWork/Code/Test_mygit/Tacapp_init/BSP/LED/bsp_led_handler.c:96:22:bsp_led_handler_set_all_cameras	24	static
D:/InternWork/Code/Test_mygit/Tacapp_init/BSP/LED/bsp_led_handler.c:113:6:bsp_led_handler_clear	8	static
D:/InternWork/Code/Test_mygit/Tacapp_init/BSP/LED/bsp_led_handler.c:118:22:bsp_led_handler_commit	16	static
