D:/InternWork/Code/Test_mygit/Tacapp_init/BSP/LED/bsp_led_handler.c:73:22:bsp_led_handler_init	16	static
D:/InternWork/Code/Test_mygit/Tacapp_init/BSP/LED/bsp_led_handler.c:89:22:bsp_led_handler_set	24	static
D:/InternWork/Code/Test_mygit/Tacapp_init/BSP/LED/bsp_led_handler.c:103:22:bsp_led_handler_set_all_cameras	24	static
D:/InternWork/Code/Test_mygit/Tacapp_init/BSP/LED/bsp_led_handler.c:121:6:bsp_led_handler_clear	8	static
D:/InternWork/Code/Test_mygit/Tacapp_init/BSP/LED/bsp_led_handler.c:127:22:bsp_led_handler_commit	16	static
