D:/InternWork/Code/Test_mygit/Tacapp_init/Middleware/Micro-ROS/extra_sources/custom_memory_manager.c:401:13:prvInsertBlockIntoFreeList	8	static
D:/InternWork/Code/Test_mygit/Tacapp_init/Middleware/Micro-ROS/extra_sources/custom_memory_manager.c:80:7:pvPortMallocMicroROS	24	static
D:/InternWork/Code/Test_mygit/Tacapp_init/Middleware/Micro-ROS/extra_sources/custom_memory_manager.c:230:6:vPortFreeMicroROS	8	static
D:/InternWork/Code/Test_mygit/Tacapp_init/Middleware/Micro-ROS/extra_sources/custom_memory_manager.c:279:8:getBlockSize	0	static
D:/InternWork/Code/Test_mygit/Tacapp_init/Middleware/Micro-ROS/extra_sources/custom_memory_manager.c:294:7:pvPortReallocMicroROS	16	static
D:/InternWork/Code/Test_mygit/Tacapp_init/Middleware/Micro-ROS/extra_sources/custom_memory_manager.c:317:7:pvPortCallocMicroROS	16	static
D:/InternWork/Code/Test_mygit/Tacapp_init/Middleware/Micro-ROS/extra_sources/custom_memory_manager.c:335:8:xPortGetFreeHeapSizeMicroROS	0	static
D:/InternWork/Code/Test_mygit/Tacapp_init/Middleware/Micro-ROS/extra_sources/custom_memory_manager.c:341:8:xPortGetMinimumEverFreeHeapSizeMicroROS	0	static
D:/InternWork/Code/Test_mygit/Tacapp_init/Middleware/Micro-ROS/extra_sources/custom_memory_manager.c:347:6:vPortInitialiseBlocksMicroROS	0	static
