D:/InternWork/Code/Test_mygit/Tacapp_init/Core/Src/stm32g4xx_it.c:73:6:NMI_Handler	4	static
D:/InternWork/Code/Test_mygit/Tacapp_init/Core/Src/stm32g4xx_it.c:88:6:HardFault_Handler	4	static
D:/InternWork/Code/Test_mygit/Tacapp_init/Core/Src/stm32g4xx_it.c:103:6:MemManage_Handler	4	static
D:/InternWork/Code/Test_mygit/Tacapp_init/Core/Src/stm32g4xx_it.c:118:6:BusFault_Handler	4	static
D:/InternWork/Code/Test_mygit/Tacapp_init/Core/Src/stm32g4xx_it.c:133:6:UsageFault_Handler	4	static
D:/InternWork/Code/Test_mygit/Tacapp_init/Core/Src/stm32g4xx_it.c:161:6:DebugMon_Handler	4	static
D:/InternWork/Code/Test_mygit/Tacapp_init/Core/Src/stm32g4xx_it.c:208:6:DMA1_Channel2_IRQHandler	8	static
D:/InternWork/Code/Test_mygit/Tacapp_init/Core/Src/stm32g4xx_it.c:222:6:DMA1_Channel3_IRQHandler	8	static
D:/InternWork/Code/Test_mygit/Tacapp_init/Core/Src/stm32g4xx_it.c:236:6:TIM1_UP_TIM16_IRQHandler	8	static
D:/InternWork/Code/Test_mygit/Tacapp_init/Core/Src/stm32g4xx_it.c:250:6:USART2_IRQHandler	8	static
