D:/InternWork/Code/Test_mygit/Tacapp_init/BSP/KEY/bsp_key_handler.c:34:13:key_read_level	8	static
D:/InternWork/Code/Test_mygit/Tacapp_init/BSP/KEY/bsp_key_handler.c:47:13:key_time_reached	24	static
D:/InternWork/Code/Test_mygit/Tacapp_init/BSP/KEY/bsp_key_handler.c:54:22:bsp_key_handler_init	4	static
D:/InternWork/Code/Test_mygit/Tacapp_init/BSP/KEY/bsp_key_handler.c:72:22:bsp_key_handler_process	16	static
D:/InternWork/Code/Test_mygit/Tacapp_init/BSP/KEY/bsp_key_handler.c:216:22:bsp_key_handler_get_event	16	static
D:/InternWork/Code/Test_mygit/Tacapp_init/BSP/KEY/bsp_key_handler.c:232:22:bsp_key_handler_clear_event	4	static
