D:/InternWork/Code/Test_mygit/Tacapp_init/Tasks/led_task.c:46:22:led_task_mode_to_color	16	static
D:/InternWork/Code/Test_mygit/Tacapp_init/Tasks/led_task.c:92:13:led_task_cmd_has_blink	24	static
D:/InternWork/Code/Test_mygit/Tacapp_init/Tasks/led_task.c:111:29:led_task_show_remote_cmd	24	static
D:/InternWork/Code/Test_mygit/Tacapp_init/Tasks/led_task.c:143:29:led_task_show_state	24	static
D:/InternWork/Code/Test_mygit/Tacapp_init/Tasks/led_task.c:169:29:led_task_run_self_test	16	static
D:/InternWork/Code/Test_mygit/Tacapp_init/Tasks/led_task.c:195:29:led_task_run_prepare	16	static
D:/InternWork/Code/Test_mygit/Tacapp_init/Tasks/led_task.c:222:29:led_task_beep	48	static
D:/InternWork/Code/Test_mygit/Tacapp_init/Tasks/led_task.c:239:29:led_task_apply_remote_beep	24	static
D:/InternWork/Code/Test_mygit/Tacapp_init/Tasks/led_task.c:280:29:led_task_show_gesture_feedback	48	static
D:/InternWork/Code/Test_mygit/Tacapp_init/Tasks/led_task.c:300:17:led_task_take_notified_actions	24	static
D:/InternWork/Code/Test_mygit/Tacapp_init/Tasks/led_task.c:313:13:led_task_notify_action	24	static
D:/InternWork/Code/Test_mygit/Tacapp_init/Tasks/led_task.c:325:13:led_task_show_fault	8	static
D:/InternWork/Code/Test_mygit/Tacapp_init/Tasks/led_task.c:336:15:led_task_resources_init	8	static
D:/InternWork/Code/Test_mygit/Tacapp_init/Tasks/led_task.c:352:15:led_task_submit_cmd	32	static
D:/InternWork/Code/Test_mygit/Tacapp_init/Tasks/led_task.c:390:15:led_task_release_remote_control	16	static
D:/InternWork/Code/Test_mygit/Tacapp_init/Tasks/led_task.c:405:9:led_task_get_system_state	4	static
D:/InternWork/Code/Test_mygit/Tacapp_init/Tasks/led_task.c:410:6:led_task_on_short_press	8	static
D:/InternWork/Code/Test_mygit/Tacapp_init/Tasks/led_task.c:415:6:led_task_on_long_press	8	static
D:/InternWork/Code/Test_mygit/Tacapp_init/Tasks/led_task.c:419:6:led_task_on_double_click	8	static
D:/InternWork/Code/Test_mygit/Tacapp_init/Tasks/led_task.c:423:6:led_task_entry	64	static
