D:/InternWork/Code/Test_mygit/Tacapp_init/Tasks/led_task.c:65:22:led_task_mode_to_color	16	static
D:/InternWork/Code/Test_mygit/Tacapp_init/Tasks/led_task.c:112:13:led_task_cmd_has_blink	24	static
D:/InternWork/Code/Test_mygit/Tacapp_init/Tasks/led_task.c:132:29:led_task_show_remote_cmd	24	static
D:/InternWork/Code/Test_mygit/Tacapp_init/Tasks/led_task.c:165:29:led_task_show_state	24	static
D:/InternWork/Code/Test_mygit/Tacapp_init/Tasks/led_task.c:192:29:led_task_run_self_test	16	static
D:/InternWork/Code/Test_mygit/Tacapp_init/Tasks/led_task.c:219:29:led_task_run_prepare	16	static
D:/InternWork/Code/Test_mygit/Tacapp_init/Tasks/led_task.c:247:29:led_task_beep	48	static
D:/InternWork/Code/Test_mygit/Tacapp_init/Tasks/led_task.c:265:29:led_task_show_gesture_feedback	48	static
D:/InternWork/Code/Test_mygit/Tacapp_init/Tasks/led_task.c:286:17:led_task_take_pending_actions	16	static
D:/InternWork/Code/Test_mygit/Tacapp_init/Tasks/led_task.c:299:13:led_task_request_action	16	static
D:/InternWork/Code/Test_mygit/Tacapp_init/Tasks/led_task.c:314:13:led_task_show_fault	8	static
D:/InternWork/Code/Test_mygit/Tacapp_init/Tasks/led_task.c:326:15:led_task_resources_init	8	static
D:/InternWork/Code/Test_mygit/Tacapp_init/Tasks/led_task.c:343:15:led_task_submit_cmd	24	static
D:/InternWork/Code/Test_mygit/Tacapp_init/Tasks/led_task.c:375:15:led_task_release_remote_control	16	static
D:/InternWork/Code/Test_mygit/Tacapp_init/Tasks/led_task.c:391:9:led_task_get_system_state	4	static
D:/InternWork/Code/Test_mygit/Tacapp_init/Tasks/led_task.c:397:6:led_task_on_short_press	8	static
D:/InternWork/Code/Test_mygit/Tacapp_init/Tasks/led_task.c:403:6:led_task_on_long_press	8	static
D:/InternWork/Code/Test_mygit/Tacapp_init/Tasks/led_task.c:408:6:led_task_on_double_click	8	static
D:/InternWork/Code/Test_mygit/Tacapp_init/Tasks/led_task.c:413:6:led_task_entry	56	static
