D:/InternWork/Code/Test_mygit/Tacapp_init/Tasks/micro_ros_task.c:67:13:micro_ros_init_messages	8	static
D:/InternWork/Code/Test_mygit/Tacapp_init/Tasks/micro_ros_task.c:99:13:micro_ros_init_allocator	32	static
D:/InternWork/Code/Test_mygit/Tacapp_init/Tasks/micro_ros_task.c:112:13:micro_ros_zero_entities	168	static
D:/InternWork/Code/Test_mygit/Tacapp_init/Tasks/micro_ros_task.c:127:16:micro_ros_get_mcu_state	8	static
D:/InternWork/Code/Test_mygit/Tacapp_init/Tasks/micro_ros_task.c:153:13:micro_ros_fill_stamp	80	static
D:/InternWork/Code/Test_mygit/Tacapp_init/Tasks/micro_ros_task.c:169:13:micro_ros_led_cmd_callback	24	static
D:/InternWork/Code/Test_mygit/Tacapp_init/Tasks/micro_ros_task.c:182:13:micro_ros_sync_callback	120	static
D:/InternWork/Code/Test_mygit/Tacapp_init/Tasks/micro_ros_task.c:206:22:micro_ros_create_entities	72	static
D:/InternWork/Code/Test_mygit/Tacapp_init/Tasks/micro_ros_task.c:333:13:micro_ros_fini_entities	16	static
D:/InternWork/Code/Test_mygit/Tacapp_init/Tasks/micro_ros_task.c:380:13:micro_ros_publish_key_events	16	static
D:/InternWork/Code/Test_mygit/Tacapp_init/Tasks/micro_ros_task.c:397:13:micro_ros_publish_mcu_status	16	static
D:/InternWork/Code/Test_mygit/Tacapp_init/Tasks/micro_ros_task.c:417:13:micro_ros_process_time_sync	16	static
D:/InternWork/Code/Test_mygit/Tacapp_init/Tasks/micro_ros_task.c:444:15:micro_ros_task_resources_init	8	static
D:/InternWork/Code/Test_mygit/Tacapp_init/Tasks/micro_ros_task.c:461:15:micro_ros_task_enqueue_key_event	16	static
D:/InternWork/Code/Test_mygit/Tacapp_init/Tasks/micro_ros_task.c:484:6:micro_ros_task_entry	40	static
