D:/InternWork/Code/Test_mygit/Tacapp_init/Tasks/micro_ros_task.c:106:13:micro_ros_init_messages	8	static
D:/InternWork/Code/Test_mygit/Tacapp_init/Tasks/micro_ros_task.c:138:13:micro_ros_init_allocator	32	static
D:/InternWork/Code/Test_mygit/Tacapp_init/Tasks/micro_ros_task.c:151:13:micro_ros_zero_entities	168	static
D:/InternWork/Code/Test_mygit/Tacapp_init/Tasks/micro_ros_task.c:167:16:micro_ros_get_mcu_state	8	static
D:/InternWork/Code/Test_mygit/Tacapp_init/Tasks/micro_ros_task.c:194:13:micro_ros_fill_stamp	80	static
D:/InternWork/Code/Test_mygit/Tacapp_init/Tasks/micro_ros_task.c:211:13:micro_ros_led_cmd_callback	24	static
D:/InternWork/Code/Test_mygit/Tacapp_init/Tasks/micro_ros_task.c:225:13:micro_ros_sync_callback	120	static
D:/InternWork/Code/Test_mygit/Tacapp_init/Tasks/micro_ros_task.c:250:22:micro_ros_create_entities	72	static
D:/InternWork/Code/Test_mygit/Tacapp_init/Tasks/micro_ros_task.c:381:13:micro_ros_fini_entities	16	static
D:/InternWork/Code/Test_mygit/Tacapp_init/Tasks/micro_ros_task.c:429:13:micro_ros_publish_key_events	16	static
D:/InternWork/Code/Test_mygit/Tacapp_init/Tasks/micro_ros_task.c:447:13:micro_ros_publish_mcu_status	16	static
D:/InternWork/Code/Test_mygit/Tacapp_init/Tasks/micro_ros_task.c:468:13:micro_ros_process_time_sync	16	static
D:/InternWork/Code/Test_mygit/Tacapp_init/Tasks/micro_ros_task.c:496:15:micro_ros_task_resources_init	8	static
D:/InternWork/Code/Test_mygit/Tacapp_init/Tasks/micro_ros_task.c:514:15:micro_ros_task_enqueue_key_event	16	static
D:/InternWork/Code/Test_mygit/Tacapp_init/Tasks/micro_ros_task.c:538:6:micro_ros_task_entry	40	static
